Execution 1:
Running experiments to observe data races:

Experiment 4 (Different SMs): 11
------------------------------------
Execution 2:
Running experiments to observe data races:

Experiment 4 (Different SMs): 11
------------------------------------
Execution 3:
Running experiments to observe data races:

Experiment 4 (Different SMs): 11
------------------------------------
Execution 4:
Running experiments to observe data races:

Experiment 4 (Different SMs): 11
------------------------------------
Execution 5:
Running experiments to observe data races:

Experiment 4 (Different SMs): 11
------------------------------------
Execution 6:
Running experiments to observe data races:

Experiment 4 (Different SMs): 2
------------------------------------
Execution 7:
Running experiments to observe data races:

Experiment 4 (Different SMs): 11
------------------------------------
Execution 8:
Running experiments to observe data races:

Experiment 4 (Different SMs): 11
------------------------------------
Execution 9:
Running experiments to observe data races:

Experiment 4 (Different SMs): 11
------------------------------------
Execution 10:
Running experiments to observe data races:

Experiment 4 (Different SMs): 11
------------------------------------
Execution 11:
Running experiments to observe data races:

Experiment 4 (Different SMs): 11
------------------------------------
Execution 12:
Running experiments to observe data races:

Experiment 4 (Different SMs): 11
------------------------------------
Execution 13:
Running experiments to observe data races:

Experiment 4 (Different SMs): 11
------------------------------------
Execution 14:
Running experiments to observe data races:

Experiment 4 (Different SMs): 11
------------------------------------
Execution 15:
Running experiments to observe data races:

Experiment 4 (Different SMs): 11
------------------------------------
Execution 16:
Running experiments to observe data races:

Experiment 4 (Different SMs): 11
------------------------------------
Execution 17:
Running experiments to observe data races:

Experiment 4 (Different SMs): 11
------------------------------------
Execution 18:
Running experiments to observe data races:

Experiment 4 (Different SMs): 11
------------------------------------
Execution 19:
Running experiments to observe data races:

Experiment 4 (Different SMs): 11
------------------------------------
Execution 20:
Running experiments to observe data races:

Experiment 4 (Different SMs): 11
------------------------------------
Execution 21:
Running experiments to observe data races:

Experiment 4 (Different SMs): 11
------------------------------------
Execution 22:
Running experiments to observe data races:

Experiment 4 (Different SMs): 11
------------------------------------
Execution 23:
Running experiments to observe data races:

Experiment 4 (Different SMs): 11
------------------------------------
Execution 24:
Running experiments to observe data races:

Experiment 4 (Different SMs): 11
------------------------------------
Execution 25:
Running experiments to observe data races:

Experiment 4 (Different SMs): 11
------------------------------------
Execution 26:
Running experiments to observe data races:

Experiment 4 (Different SMs): 11
------------------------------------
Execution 27:
Running experiments to observe data races:

Experiment 4 (Different SMs): 11
------------------------------------
Execution 28:
Running experiments to observe data races:

Experiment 4 (Different SMs): 2
------------------------------------
Execution 29:
Running experiments to observe data races:

Experiment 4 (Different SMs): 11
------------------------------------
Execution 30:
Running experiments to observe data races:

Experiment 4 (Different SMs): 11
------------------------------------
Execution 31:
Running experiments to observe data races:

Experiment 4 (Different SMs): 11
------------------------------------
Execution 32:
Running experiments to observe data races:

Experiment 4 (Different SMs): 11
------------------------------------
Execution 33:
Running experiments to observe data races:

Experiment 4 (Different SMs): 11
------------------------------------
Execution 34:
Running experiments to observe data races:

Experiment 4 (Different SMs): 11
------------------------------------
Execution 35:
Running experiments to observe data races:

Experiment 4 (Different SMs): 11
------------------------------------
Execution 36:
Running experiments to observe data races:

Experiment 4 (Different SMs): 11
------------------------------------
Execution 37:
Running experiments to observe data races:

Experiment 4 (Different SMs): 11
------------------------------------
Execution 38:
Running experiments to observe data races:

Experiment 4 (Different SMs): 11
------------------------------------
Execution 39:
Running experiments to observe data races:

Experiment 4 (Different SMs): 11
------------------------------------
Execution 40:
Running experiments to observe data races:

Experiment 4 (Different SMs): 11
------------------------------------
Execution 41:
Running experiments to observe data races:

Experiment 4 (Different SMs): 11
------------------------------------
Execution 42:
Running experiments to observe data races:

Experiment 4 (Different SMs): 11
------------------------------------
Execution 43:
Running experiments to observe data races:

Experiment 4 (Different SMs): 11
------------------------------------
Execution 44:
Running experiments to observe data races:

Experiment 4 (Different SMs): 11
------------------------------------
Execution 45:
Running experiments to observe data races:

Experiment 4 (Different SMs): 11
------------------------------------
Execution 46:
Running experiments to observe data races:

Experiment 4 (Different SMs): 11
------------------------------------
Execution 47:
Running experiments to observe data races:

Experiment 4 (Different SMs): 11
------------------------------------
Execution 48:
Running experiments to observe data races:

Experiment 4 (Different SMs): 11
------------------------------------
Execution 49:
Running experiments to observe data races:

Experiment 4 (Different SMs): 11
------------------------------------
Execution 50:
Running experiments to observe data races:

Experiment 4 (Different SMs): 11
------------------------------------
Execution 51:
Running experiments to observe data races:

Experiment 4 (Different SMs): 11
------------------------------------
Execution 52:
Running experiments to observe data races:

Experiment 4 (Different SMs): 11
------------------------------------
Execution 53:
Running experiments to observe data races:

Experiment 4 (Different SMs): 11
------------------------------------
Execution 54:
Running experiments to observe data races:

Experiment 4 (Different SMs): 11
------------------------------------
Execution 55:
Running experiments to observe data races:

Experiment 4 (Different SMs): 11
------------------------------------
Execution 56:
Running experiments to observe data races:

Experiment 4 (Different SMs): 11
------------------------------------
Execution 57:
Running experiments to observe data races:

Experiment 4 (Different SMs): 11
------------------------------------
Execution 58:
Running experiments to observe data races:

Experiment 4 (Different SMs): 11
------------------------------------
Execution 59:
Running experiments to observe data races:

Experiment 4 (Different SMs): 11
------------------------------------
Execution 60:
Running experiments to observe data races:

Experiment 4 (Different SMs): 11
------------------------------------
Execution 61:
Running experiments to observe data races:

Experiment 4 (Different SMs): 11
------------------------------------
Execution 62:
Running experiments to observe data races:

Experiment 4 (Different SMs): 11
------------------------------------
Execution 63:
Running experiments to observe data races:

Experiment 4 (Different SMs): 11
------------------------------------
Execution 64:
Running experiments to observe data races:

Experiment 4 (Different SMs): 11
------------------------------------
Execution 65:
Running experiments to observe data races:

Experiment 4 (Different SMs): 11
------------------------------------
Execution 66:
Running experiments to observe data races:

Experiment 4 (Different SMs): 11
------------------------------------
Execution 67:
Running experiments to observe data races:

Experiment 4 (Different SMs): 11
------------------------------------
Execution 68:
Running experiments to observe data races:

Experiment 4 (Different SMs): 2
------------------------------------
Execution 69:
Running experiments to observe data races:

Experiment 4 (Different SMs): 11
------------------------------------
Execution 70:
Running experiments to observe data races:

Experiment 4 (Different SMs): 11
------------------------------------
Execution 71:
Running experiments to observe data races:

Experiment 4 (Different SMs): 11
------------------------------------
Execution 72:
Running experiments to observe data races:

Experiment 4 (Different SMs): 11
------------------------------------
Execution 73:
Running experiments to observe data races:

Experiment 4 (Different SMs): 11
------------------------------------
Execution 74:
Running experiments to observe data races:

Experiment 4 (Different SMs): 11
------------------------------------
Execution 75:
Running experiments to observe data races:

Experiment 4 (Different SMs): 11
------------------------------------
Execution 76:
Running experiments to observe data races:

Experiment 4 (Different SMs): 11
------------------------------------
Execution 77:
Running experiments to observe data races:

Experiment 4 (Different SMs): 11
------------------------------------
Execution 78:
Running experiments to observe data races:

Experiment 4 (Different SMs): 11
------------------------------------
Execution 79:
Running experiments to observe data races:

Experiment 4 (Different SMs): 11
------------------------------------
Execution 80:
Running experiments to observe data races:

Experiment 4 (Different SMs): 11
------------------------------------
Execution 81:
Running experiments to observe data races:

Experiment 4 (Different SMs): 11
------------------------------------
Execution 82:
Running experiments to observe data races:

Experiment 4 (Different SMs): 11
------------------------------------
Execution 83:
Running experiments to observe data races:

Experiment 4 (Different SMs): 11
------------------------------------
Execution 84:
Running experiments to observe data races:

Experiment 4 (Different SMs): 11
------------------------------------
Execution 85:
Running experiments to observe data races:

Experiment 4 (Different SMs): 11
------------------------------------
Execution 86:
Running experiments to observe data races:

Experiment 4 (Different SMs): 11
------------------------------------
Execution 87:
Running experiments to observe data races:

Experiment 4 (Different SMs): 11
------------------------------------
Execution 88:
Running experiments to observe data races:

Experiment 4 (Different SMs): 11
------------------------------------
Execution 89:
Running experiments to observe data races:

Experiment 4 (Different SMs): 11
------------------------------------
Execution 90:
Running experiments to observe data races:

Experiment 4 (Different SMs): 11
------------------------------------
Execution 91:
Running experiments to observe data races:

Experiment 4 (Different SMs): 11
------------------------------------
Execution 92:
Running experiments to observe data races:

Experiment 4 (Different SMs): 11
------------------------------------
Execution 93:
Running experiments to observe data races:

Experiment 4 (Different SMs): 11
------------------------------------
Execution 94:
Running experiments to observe data races:

Experiment 4 (Different SMs): 11
------------------------------------
Execution 95:
Running experiments to observe data races:

Experiment 4 (Different SMs): 11
------------------------------------
Execution 96:
Running experiments to observe data races:

Experiment 4 (Different SMs): 11
------------------------------------
Execution 97:
Running experiments to observe data races:

Experiment 4 (Different SMs): 11
------------------------------------
Execution 98:
Running experiments to observe data races:

Experiment 4 (Different SMs): 11
------------------------------------
Execution 99:
Running experiments to observe data races:

Experiment 4 (Different SMs): 2
------------------------------------
Execution 100:
Running experiments to observe data races:

Experiment 4 (Different SMs): 11
------------------------------------
